<li class="has_binary_targets">Some targets in this package do not include source code. There may be more information available on why in the 
  <a href="#readme" title="README">README</a> file.
</li>