<li class="binary">This package only contains binary targets, meaning that source code may not be available. There may be more information available on why in the 
  <a href="#readme" title="README">README</a> or 
  <a href="<license-url-here>" title="LICENSE">LICENSE</a> file.
</li>