▿ Collection
  - formatVersion: FormatVersion.v1_0
  - generatedAt: 1970-01-01T00:00:00Z
  ▿ generatedBy: Optional<Author>
    ▿ some: Author
      - name: "author"
  ▿ keywords: Optional<Array<String>>
    ▿ some: 2 elements
      - "a"
      - "b"
  - name: "my collection"
  ▿ overview: Optional<String>
    - some: "my overview"
  ▿ packages: 1 element
    ▿ Package
      - identity: Optional<String>.none
      ▿ keywords: Optional<Array<String>>
        ▿ some: 2 elements
          - "a"
          - "b"
      - license: Optional<License>.none
      - readmeURL: Optional<URL>.none
      ▿ summary: Optional<String>
        - some: "some package"
      - url: 1
      ▿ versions: 1 element
        ▿ Version
          - author: Optional<Author>.none
          - createdAt: Optional<Date>.none
          - defaultToolsVersion: "5.3"
          - license: Optional<License>.none
          ▿ manifests: 1 key/value pair
            ▿ (2 elements)
              - key: "5.3"
              ▿ value: Manifest
                ▿ minimumPlatformVersions: Optional<Array<PlatformVersion>>
                  - some: 0 elements
                - packageName: "Foo"
                ▿ products: 1 element
                  ▿ Product
                    - name: "p1"
                    - targets: 0 elements
                    ▿ type: ProductType
                      - library: LibraryType.automatic
                - targets: 0 elements
                - toolsVersion: "5.3"
          ▿ signer: Optional<Signer>
            ▿ some: Signer
              - commonName: "Swift Package Index"
              - organizationName: "Swift Package Index"
              - organizationalUnitName: "Swift Package Index"
              - type: "ADP"
          - summary: Optional<String>.none
          ▿ verifiedCompatibility: Optional<Array<Compatibility>>
            - some: 0 elements
          - version: "1.2.3"
  ▿ revision: Optional<Int>
    - some: 3
