<?xml version="1.0" encoding="UTF-8"?><rss version="2.0" xmlns:atom="http://www.w3.org/2005/Atom" xmlns:content="http://purl.org/rss/1.0/modules/content/"><channel><title>Swift Package Index – Recent Releases</title><description>List of recent Swift package releases.</description><link>http://localhost:8080/releases.rss</link><ttl>60</ttl><atom:link href="http://localhost:8080/releases.rss" rel="self" type="application/rss+xml"/><item><guid isPermaLink="false">owner-12/pkg-12/4.0.0-b1</guid><title>pkg-12 - 4.0.0-b1</title><link>http://localhost:8080/owner-12/pkg-12</link><pubDate>Thu, 1 Jan 1970 00:00:12 +0000</pubDate><description><![CDATA[<div><p><a href="http://localhost:8080/owner-12/pkg-12">pkg-12</a> – <a href="http://localhost:8080/owner-12/pkg-12#releases">Version 4.0.0-b1 </a></p><p>Summary</p><small><a href="http://localhost:8080/owner-12/pkg-12">owner-12/pkg-12</a></small></div>]]></description></item><item><guid isPermaLink="false">owner-11/pkg-11/3.2.1-b1</guid><title>pkg-11 - 3.2.1-b1</title><link>http://localhost:8080/owner-11/pkg-11</link><pubDate>Thu, 1 Jan 1970 00:00:11 +0000</pubDate><description><![CDATA[<div><p><a href="http://localhost:8080/owner-11/pkg-11">pkg-11</a> – <a href="http://localhost:8080/owner-11/pkg-11#releases">Version 3.2.1-b1 </a></p><p>Summary</p><small><a href="http://localhost:8080/owner-11/pkg-11">owner-11/pkg-11</a></small></div>]]></description></item></channel></rss>