<?xml version="1.0" encoding="UTF-8"?><rss version="2.0" xmlns:atom="http://www.w3.org/2005/Atom" xmlns:content="http://purl.org/rss/1.0/modules/content/"><channel><title>Swift Package Index – Recent Releases</title><description>List of recent Swift package releases.</description><link>http://localhost:8080/releases.rss</link><ttl>60</ttl><atom:link href="http://localhost:8080/releases.rss" rel="self" type="application/rss+xml"/><item><guid isPermaLink="false">owner-6/pkg-6/2.0.0</guid><title>pkg-6 - 2.0.0</title><link>http://localhost:8080/owner-6/pkg-6</link><pubDate>Thu, 1 Jan 1970 00:00:06 +0000</pubDate><description><![CDATA[<div><p><a href="http://localhost:8080/owner-6/pkg-6">pkg-6</a> – <a href="http://localhost:8080/owner-6/pkg-6#releases">Version 2.0.0 </a></p><p>Summary</p><small><a href="http://localhost:8080/owner-6/pkg-6">owner-6/pkg-6</a></small></div>]]></description></item></channel></rss>