<?xml version="1.0" encoding="UTF-8"?>
<rss version="2.0" xmlns:atom="http://www.w3.org/2005/Atom" xmlns:content="http://purl.org/rss/1.0/modules/content/">
  <channel>
    <title>feed title</title>
    <description>feed description</description>
    <link>https://SwiftPackageIndex.com</link>
    <ttl>60</ttl>
    <atom:link href="https://SwiftPackageIndex.com" rel="self" type="application/rss+xml"/>
    <item>
      <guid isPermaLink="false">repositoryOwner0/repositoryName0</guid>
      <title>packageName0</title>
      <link>http://localhost:8080/repositoryOwner0/repositoryName0</link>
      <pubDate>Thu, 1 Jan 1970 00:00:00 +0000</pubDate>
      <description><![CDATA[<p>packageSummary0</p><small><a href="http://localhost:8080/repositoryOwner0/repositoryName0">repositoryOwner0/repositoryName0</a></small>]]></description>
    </item>
    <item>
      <guid isPermaLink="false">repositoryOwner1/repositoryName1</guid>
      <title>packageName1</title>
      <link>http://localhost:8080/repositoryOwner1/repositoryName1</link>
      <pubDate>Thu, 1 Jan 1970 00:00:01 +0000</pubDate>
      <description><![CDATA[<p>packageSummary1</p><small><a href="http://localhost:8080/repositoryOwner1/repositoryName1">repositoryOwner1/repositoryName1</a></small>]]></description>
    </item>
  </channel>
</rss>