<?xml version="1.0" encoding="UTF-8"?><rss version="2.0" xmlns:atom="http://www.w3.org/2005/Atom" xmlns:content="http://purl.org/rss/1.0/modules/content/"><channel><title>Swift Package Index – Recent Releases</title><description>List of recent Swift package releases.</description><link>http://localhost:8080/releases.rss</link><ttl>60</ttl><atom:link href="http://localhost:8080/releases.rss" rel="self" type="application/rss+xml"/><item><guid isPermaLink="false">owner-10/pkg-10/3.1.0</guid><title>pkg-10 - 3.1.0</title><link>http://localhost:8080/owner-10/pkg-10</link><pubDate>Thu, 1 Jan 1970 00:00:10 +0000</pubDate><description><![CDATA[<div><p><a href="http://localhost:8080/owner-10/pkg-10">pkg-10</a> – <a href="http://localhost:8080/owner-10/pkg-10#releases">Version 3.1.0 </a></p><p>Summary</p><small><a href="http://localhost:8080/owner-10/pkg-10">owner-10/pkg-10</a></small></div>]]></description></item><item><guid isPermaLink="false">owner-9/pkg-9/3.0.1</guid><title>pkg-9 - 3.0.1</title><link>http://localhost:8080/owner-9/pkg-9</link><pubDate>Thu, 1 Jan 1970 00:00:09 +0000</pubDate><description><![CDATA[<div><p><a href="http://localhost:8080/owner-9/pkg-9">pkg-9</a> – <a href="http://localhost:8080/owner-9/pkg-9#releases">Version 3.0.1 </a></p><p>Summary</p><small><a href="http://localhost:8080/owner-9/pkg-9">owner-9/pkg-9</a></small></div>]]></description></item><item><guid isPermaLink="false">owner-8/pkg-8/2.2.0</guid><title>pkg-8 - 2.2.0</title><link>http://localhost:8080/owner-8/pkg-8</link><pubDate>Thu, 1 Jan 1970 00:00:08 +0000</pubDate><description><![CDATA[<div><p><a href="http://localhost:8080/owner-8/pkg-8">pkg-8</a> – <a href="http://localhost:8080/owner-8/pkg-8#releases">Version 2.2.0 </a></p><p>Summary</p><small><a href="http://localhost:8080/owner-8/pkg-8">owner-8/pkg-8</a></small></div>]]></description></item><item><guid isPermaLink="false">owner-7/pkg-7/2.1.1</guid><title>pkg-7 - 2.1.1</title><link>http://localhost:8080/owner-7/pkg-7</link><pubDate>Thu, 1 Jan 1970 00:00:07 +0000</pubDate><description><![CDATA[<div><p><a href="http://localhost:8080/owner-7/pkg-7">pkg-7</a> – <a href="http://localhost:8080/owner-7/pkg-7#releases">Version 2.1.1 </a></p><p>Summary</p><small><a href="http://localhost:8080/owner-7/pkg-7">owner-7/pkg-7</a></small></div>]]></description></item><item><guid isPermaLink="false">owner-6/pkg-6/2.0.0</guid><title>pkg-6 - 2.0.0</title><link>http://localhost:8080/owner-6/pkg-6</link><pubDate>Thu, 1 Jan 1970 00:00:06 +0000</pubDate><description><![CDATA[<div><p><a href="http://localhost:8080/owner-6/pkg-6">pkg-6</a> – <a href="http://localhost:8080/owner-6/pkg-6#releases">Version 2.0.0 </a></p><p>Summary</p><small><a href="http://localhost:8080/owner-6/pkg-6">owner-6/pkg-6</a></small></div>]]></description></item><item><guid isPermaLink="false">owner-5/pkg-5/1.2.1</guid><title>pkg-5 - 1.2.1</title><link>http://localhost:8080/owner-5/pkg-5</link><pubDate>Thu, 1 Jan 1970 00:00:05 +0000</pubDate><description><![CDATA[<div><p><a href="http://localhost:8080/owner-5/pkg-5">pkg-5</a> – <a href="http://localhost:8080/owner-5/pkg-5#releases">Version 1.2.1 </a></p><p>Summary</p><small><a href="http://localhost:8080/owner-5/pkg-5">owner-5/pkg-5</a></small></div>]]></description></item><item><guid isPermaLink="false">owner-4/pkg-4/1.1.0</guid><title>pkg-4 - 1.1.0</title><link>http://localhost:8080/owner-4/pkg-4</link><pubDate>Thu, 1 Jan 1970 00:00:04 +0000</pubDate><description><![CDATA[<div><p><a href="http://localhost:8080/owner-4/pkg-4">pkg-4</a> – <a href="http://localhost:8080/owner-4/pkg-4#releases">Version 1.1.0 </a></p><p>Summary</p><small><a href="http://localhost:8080/owner-4/pkg-4">owner-4/pkg-4</a></small></div>]]></description></item><item><guid isPermaLink="false">owner-3/pkg-3/1.0.1</guid><title>pkg-3 - 1.0.1</title><link>http://localhost:8080/owner-3/pkg-3</link><pubDate>Thu, 1 Jan 1970 00:00:03 +0000</pubDate><description><![CDATA[<div><p><a href="http://localhost:8080/owner-3/pkg-3">pkg-3</a> – <a href="http://localhost:8080/owner-3/pkg-3#releases">Version 1.0.1 </a></p><p>Summary</p><small><a href="http://localhost:8080/owner-3/pkg-3">owner-3/pkg-3</a></small></div>]]></description></item><item><guid isPermaLink="false">owner-2/pkg-2/0.2.0</guid><title>pkg-2 - 0.2.0</title><link>http://localhost:8080/owner-2/pkg-2</link><pubDate>Thu, 1 Jan 1970 00:00:02 +0000</pubDate><description><![CDATA[<div><p><a href="http://localhost:8080/owner-2/pkg-2">pkg-2</a> – <a href="http://localhost:8080/owner-2/pkg-2#releases">Version 0.2.0 </a></p><p>Summary</p><small><a href="http://localhost:8080/owner-2/pkg-2">owner-2/pkg-2</a></small></div>]]></description></item><item><guid isPermaLink="false">owner-1/pkg-1/0.1.1</guid><title>pkg-1 - 0.1.1</title><link>http://localhost:8080/owner-1/pkg-1</link><pubDate>Thu, 1 Jan 1970 00:00:01 +0000</pubDate><description><![CDATA[<div><p><a href="http://localhost:8080/owner-1/pkg-1">pkg-1</a> – <a href="http://localhost:8080/owner-1/pkg-1#releases">Version 0.1.1 </a></p><p>Summary</p><small><a href="http://localhost:8080/owner-1/pkg-1">owner-1/pkg-1</a></small></div>]]></description></item></channel></rss>