<li class="activity">There are 
  <a href="https://github.com/Alamofire/Alamofire/issues">27 open issues</a>. The last issue was closed 5 days ago and the last pull request was merged/closed 6 days ago.
</li>