<li class="history">Before being archived, it had 
  <a href="https://example.com/commits.html">12 commits</a> and 
  <a href="https://example.com/releases.html">2 releases</a>.
</li>