<li class="forked">Forked from 
  <a href="/owner/repo">Different</a> by 
  <a href="/owner">OriginalOwner</a>.
</li>