<!DOCTYPE html>
<html lang="en"><!--Version: test--><!--DB Id: db-id-->
  <head>
    <meta name="viewport" content="width=device-width, initial-scale=1.0"/>
    <meta charset="UTF-8"/>
    <meta property="og:site_name" content="The Swift Package Index"/>
    <link rel="canonical" href="http://localhost:8080/blog"/>
    <meta name="twitter:url" content="http://localhost:8080/blog"/>
    <meta property="og:url" content="http://localhost:8080/blog"/>
    <title>The Swift Package Index Blog &ndash; Swift Package Index</title>
    <meta name="twitter:title" content="The Swift Package Index Blog &ndash; Swift Package Index"/>
    <meta property="og:title" content="The Swift Package Index Blog &ndash; Swift Package Index"/>
    <meta name="description" content="Find news and updates from the Swift Package Index on our blog. Read more about the
latest features, our efforts in the community, and any other updates that affect the site."/>
    <meta name="twitter:description" content="Find news and updates from the Swift Package Index on our blog. Read more about the
latest features, our efforts in the community, and any other updates that affect the site."/>
    <meta property="og:description" content="Find news and updates from the Swift Package Index on our blog. Read more about the
latest features, our efforts in the community, and any other updates that affect the site."/>
    <meta name="twitter:card" content="summary"/>
    <meta name="twitter:image" content="http://localhost:8080/images/logo.png"/>
    <meta property="og:image" content="http://localhost:8080/images/logo.png"/>
    <link rel="shortcut icon" href="/images/logo-tiny.png" type="image/png"/>
    <link rel="alternate" type="application/rss+xml" title="Swift Package Index Blog" href="http://localhost:8080/blog/feed.xml"/>
    <link rel="stylesheet" href="/shared.css?test" data-turbolinks-track="reload"/>
    <link rel="stylesheet" href="/main.css?test" data-turbolinks-track="reload"/>
    <script src="/shared.js?test" data-turbolinks-track="reload" defer></script>
    <script src="/main.js?test" data-turbolinks-track="reload" defer></script><script async defer data-domain="swiftpackageindex.com" src="https://plausible.io/js/plausible.outbound-links.js"></script>
<script>window.plausible = window.plausible || function() { (window.plausible.q = window.plausible.q || []).push(arguments) }</script>
  </head>
  <body class="blog">
    <header>
      <div class="inner">
        <a href="/">
          <h1>
            <img alt="The Swift Package Index logo." src="/images/logo.svg"/>Swift Package Index
          </h1>
        </a>
        <nav>
          <ul>
            <li>
              <a class="supporters" href="/supporters">Supporters</a>
            </li>
            <li>
              <a href="/">Search Packages</a>
            </li>
            <li>
              <a href="/add-a-package">Add a Package</a>
            </li>
            <li>
              <a href="/faq">FAQ</a>
            </li>
          </ul>
        </nav>
      </div>
    </header>
    <p class="announcement">Track the adoption of Swift 6 strict concurrency checks for data race safety. How many packages are 
      <a href="/ready-for-swift-6">Ready for Swift 6</a>?
    </p>
    <nav class="breadcrumbs">
      <div class="inner">
        <ul>
          <li>
            <a href="/">
              <span>Home</span>
            </a>
          </li>
          <li>
            <span>Blog</span>
          </li>
        </ul>
      </div>
    </nav>
    <main>
      <div class="inner">
        <h2>The Swift Package Index Blog</h2>
        <a class="subscribe" href="/blog/feed.xml" title="Subscribe with RSS">Subscribe</a>
        <section class="blog-container">
          <section class="sidebar">
            <div data-controller="panel-button" data-panel-button-analytics-event-value="Blog - Podcast CTA" class="panel-button podcast">
              <a data-action="click->panel-button#click" href="https://swiftpackageindexing.transistor.fm">
                <div class="body">
                  <h3>The Swift Package Indexing Podcast</h3>Join Dave and Sven for a chat about ongoing Swift Package Index development and package recommendations from the community on the Swift Package Indexing podcast.
                </div>
                <div class="cta">Listen Now &rarr;</div>
              </a>
            </div>
            <div data-controller="panel-button" data-panel-button-analytics-event-value="Home - Supporters CTA" class="panel-button scta">
              <a data-action="click->panel-button#click" href="/supporters">
                <div class="body">Join the companies and individuals who support this site and keep it running.
                  <div class="avatars">
                    <img src="/images/logo.svg" title="Community Sponsor" alt="Profile picture for Community Sponsor" width="20" height="20"/>
                    <img src="/images/logo.svg" title="Community Sponsor" alt="Profile picture for Community Sponsor" width="20" height="20"/>
                    <img src="/images/logo.svg" title="Community Sponsor" alt="Profile picture for Community Sponsor" width="20" height="20"/>
                    <img src="/images/logo.svg" title="Community Sponsor" alt="Profile picture for Community Sponsor" width="20" height="20"/>
                    <img src="/images/logo.svg" title="Community Sponsor" alt="Profile picture for Community Sponsor" width="20" height="20"/>
                    <img src="/images/logo.svg" title="Community Sponsor" alt="Profile picture for Community Sponsor" width="20" height="20"/>
                    <img src="/images/logo.svg" title="Community Sponsor" alt="Profile picture for Community Sponsor" width="20" height="20"/>
                    <img src="/images/logo.svg" title="Community Sponsor" alt="Profile picture for Community Sponsor" width="20" height="20"/>
                    <img src="/images/logo.svg" title="Community Sponsor" alt="Profile picture for Community Sponsor" width="20" height="20"/>
                    <img src="/images/logo.svg" title="Community Sponsor" alt="Profile picture for Community Sponsor" width="20" height="20"/>
                    <img src="/images/logo.svg" title="Community Sponsor" alt="Profile picture for Community Sponsor" width="20" height="20"/>
                    <img src="/images/logo.svg" title="Community Sponsor" alt="Profile picture for Community Sponsor" width="20" height="20"/>
                    <img src="/images/logo.svg" title="Community Sponsor" alt="Profile picture for Community Sponsor" width="20" height="20"/>
                    <img src="/images/logo.svg" title="Community Sponsor" alt="Profile picture for Community Sponsor" width="20" height="20"/>
                  </div>
                </div>
              </a>
            </div>
          </section>
          <ul class="blog-posts">
            <li>
              <a href="/blog/post-one">
                <h3>Post one title</h3>
                <small>
                  <time datetime="1970-01-01">Published on 1 Jan 1970</time>
                </small>
                <hr class="post-title"/>
                <p>Post one summary. Lorem ipsum dolor sit amet, consectetur adipiscing elit. Vestibulum ut ante vel diam sagittis hendrerit id eget nunc. Proin non ex eget dolor tristique lacinia placerat et turpis. In dui dui, malesuada eu lectus nec, rhoncus feugiat nisi. Fusce pulvinar neque quis rutrum ullamcorper. Aliquam erat volutpat. Aliquam et molestie velit. Suspendisse sollicitudin arcu lorem, tristique iaculis quam lobortis non. Vivamus in euismod velit. Proin justo arcu, placerat ac sapien sed, tempus aliquet ligula.  Pellentesque ultricies, diam eget porta maximus, massa metus sagittis tellus, in vehicula elit erat sed metus. In mattis arcu imperdiet placerat vehicula. Vestibulum elementum iaculis tortor, sed feugiat ante posuere quis. Sed hendrerit, nisl ut tristique tincidunt, odio neque interdum ex, eget consectetur lectus dui eget felis. Donec in viverra lectus. Nunc fringilla molestie nibh ac iaculis. Morbi ac risus ut tellus posuere laoreet. Donec vehicula non sapien et mattis. Phasellus iaculis lacinia ipsum, eget congue nisl ornare ac. Vestibulum nec nibh suscipit, facilisis risus id, sollicitudin quam. Pellentesque eu quam quis magna sollicitudin consequat ac varius massa. Lorem ipsum dolor sit amet, consectetur adipiscing elit. Orci varius natoque penatibus et magnis dis parturient montes, nascetur ridiculus mus. Suspendisse et quam dui.  Nunc dapibus erat vel elementum facilisis. Quisque mollis, lacus sit amet tincidunt egestas, nunc purus viverra eros, ut vestibulum eros eros nec nulla. Morbi ultrices, arcu non volutpat tincidunt, orci justo commodo mi, vel scelerisque odio turpis nec velit. Orci varius natoque penatibus et magnis dis parturient montes, nascetur ridiculus mus. Pellentesque luctus a nisi tristique ullamcorper. Nunc fermentum lorem eget augue eleifend interdum.</p>
              </a>
            </li>
            <li>
              <a href="/blog/post-two">
                <h3>Post two title</h3>
                <small>
                  <time datetime="1970-01-01">Published on 1 Jan 1970</time>
                </small>
                <hr class="post-title"/>
                <p>Post two summary. Lorem ipsum dolor sit amet, consectetur adipiscing elit. Vestibulum ut ante vel diam sagittis hendrerit id eget nunc. Proin non ex eget dolor tristique lacinia placerat et turpis. In dui dui, malesuada eu lectus nec, rhoncus feugiat nisi. Fusce pulvinar neque quis rutrum ullamcorper. Aliquam erat volutpat. Aliquam et molestie velit. Suspendisse sollicitudin arcu lorem, tristique iaculis quam lobortis non. Vivamus in euismod velit. Proin justo arcu, placerat ac sapien sed, tempus aliquet ligula.  Pellentesque ultricies, diam eget porta maximus, massa metus sagittis tellus, in vehicula elit erat sed metus. In mattis arcu imperdiet placerat vehicula. Vestibulum elementum iaculis tortor, sed feugiat ante posuere quis. Sed hendrerit, nisl ut tristique tincidunt, odio neque interdum ex, eget consectetur lectus dui eget felis. Donec in viverra lectus. Nunc fringilla molestie nibh ac iaculis. Morbi ac risus ut tellus posuere laoreet. Donec vehicula non sapien et mattis. Phasellus iaculis lacinia ipsum, eget congue nisl ornare ac. Vestibulum nec nibh suscipit, facilisis risus id, sollicitudin quam. Pellentesque eu quam quis magna sollicitudin consequat ac varius massa. Lorem ipsum dolor sit amet, consectetur adipiscing elit. Orci varius natoque penatibus et magnis dis parturient montes, nascetur ridiculus mus. Suspendisse et quam dui.  Nunc dapibus erat vel elementum facilisis. Quisque mollis, lacus sit amet tincidunt egestas, nunc purus viverra eros, ut vestibulum eros eros nec nulla. Morbi ultrices, arcu non volutpat tincidunt, orci justo commodo mi, vel scelerisque odio turpis nec velit. Orci varius natoque penatibus et magnis dis parturient montes, nascetur ridiculus mus. Pellentesque luctus a nisi tristique ullamcorper. Nunc fermentum lorem eget augue eleifend interdum.</p>
              </a>
            </li>
            <li>
              <a href="/blog/post-three">
                <h3>Post three title</h3>
                <small>
                  <time datetime="1970-01-01">Published on 1 Jan 1970</time>
                </small>
                <hr class="post-title"/>
                <p>Post three summary. Lorem ipsum dolor sit amet, consectetur adipiscing elit. Vestibulum ut ante vel diam sagittis hendrerit id eget nunc. Proin non ex eget dolor tristique lacinia placerat et turpis. In dui dui, malesuada eu lectus nec, rhoncus feugiat nisi. Fusce pulvinar neque quis rutrum ullamcorper. Aliquam erat volutpat. Aliquam et molestie velit. Suspendisse sollicitudin arcu lorem, tristique iaculis quam lobortis non. Vivamus in euismod velit. Proin justo arcu, placerat ac sapien sed, tempus aliquet ligula.  Pellentesque ultricies, diam eget porta maximus, massa metus sagittis tellus, in vehicula elit erat sed metus. In mattis arcu imperdiet placerat vehicula. Vestibulum elementum iaculis tortor, sed feugiat ante posuere quis. Sed hendrerit, nisl ut tristique tincidunt, odio neque interdum ex, eget consectetur lectus dui eget felis. Donec in viverra lectus. Nunc fringilla molestie nibh ac iaculis. Morbi ac risus ut tellus posuere laoreet. Donec vehicula non sapien et mattis. Phasellus iaculis lacinia ipsum, eget congue nisl ornare ac. Vestibulum nec nibh suscipit, facilisis risus id, sollicitudin quam. Pellentesque eu quam quis magna sollicitudin consequat ac varius massa. Lorem ipsum dolor sit amet, consectetur adipiscing elit. Orci varius natoque penatibus et magnis dis parturient montes, nascetur ridiculus mus. Suspendisse et quam dui.  Nunc dapibus erat vel elementum facilisis. Quisque mollis, lacus sit amet tincidunt egestas, nunc purus viverra eros, ut vestibulum eros eros nec nulla. Morbi ultrices, arcu non volutpat tincidunt, orci justo commodo mi, vel scelerisque odio turpis nec velit. Orci varius natoque penatibus et magnis dis parturient montes, nascetur ridiculus mus. Pellentesque luctus a nisi tristique ullamcorper. Nunc fermentum lorem eget augue eleifend interdum.</p>
              </a>
            </li>
          </ul>
        </section>
      </div>
    </main>
    <footer>
      <div class="inner">
        <nav>
          <ul>
            <li>
              <a href="/blog">Blog</a>
            </li>
            <li>
              <a href="https://github.com/SwiftPackageIndex/SwiftPackageIndex-Server">GitHub</a>
            </li>
            <li>
              <a href="/privacy">Privacy</a>
            </li>
            <li>
              <a href="https://swiftpackageindex.statuspage.io">System Status</a>
            </li>
            <li>
              <a href="/build-monitor">Build System Monitor</a>
            </li>
            <li>
              <a href="https://mas.to/@SwiftPackageIndex">Mastodon</a>
            </li>
            <li>
              <a href="https://swiftpackageindexing.transistor.fm">Podcast</a>
            </li>
            <li>
              <a href="/ready-for-swift-6">Ready for Swift 6</a>
            </li>
          </ul>
          <small>The Swift Package Index is entirely funded by community sponsorship. Thank you to 
            <a href="https://github.com/SwiftPackageIndex/SwiftPackageIndex-Server#funding-and-sponsorship">all our sponsors for their generosity</a>.
          </small>
          <small>The Swift Package Index is operated by SPI Operations Limited, a company registered in the UK with company number 13466692.</small>
          <a rel="me" href="https://mas.to/@SwiftPackageIndex"></a>
          <a rel="me" href="https://mas.to/@SwiftPackageUpdates"></a>
        </nav>
      </div>
    </footer>
    <spi-debug-panel class="hidden">
      <table>
        <tbody></tbody>
      </table>
    </spi-debug-panel>
  </body>
</html>