<!DOCTYPE html>
<html>
  <body>
    <turbo-frame id="readme_content"><p>This is README content.</p></turbo-frame>
  </body>
</html>