<!DOCTYPE html>
<html lang="en"><!--Version: test--><!--DB Id: db-id-->
  <head>
    <meta name="viewport" content="width=device-width, initial-scale=1.0"/>
    <meta charset="UTF-8"/>
    <meta property="og:site_name" content="The Swift Package Index"/>
    <link rel="canonical" href="http://localhost:8080/search?query=foo"/>
    <meta name="twitter:url" content="http://localhost:8080/search?query=foo"/>
    <meta property="og:url" content="http://localhost:8080/search?query=foo"/>
    <title>Search Results for &ldquo;query&rdquo; &ndash; Swift Package Index</title>
    <meta name="twitter:title" content="Search Results for &ldquo;query&rdquo; &ndash; Swift Package Index"/>
    <meta property="og:title" content="Search Results for &ldquo;query&rdquo; &ndash; Swift Package Index"/>
    <meta name="description" content="The Swift Package Index is the place to find the best Swift packages."/>
    <meta name="twitter:description" content="The Swift Package Index is the place to find the best Swift packages."/>
    <meta property="og:description" content="The Swift Package Index is the place to find the best Swift packages."/>
    <meta name="twitter:card" content="summary"/>
    <meta name="twitter:image" content="http://localhost:8080/images/logo.png"/>
    <meta property="og:image" content="http://localhost:8080/images/logo.png"/>
    <link rel="shortcut icon" href="/images/logo-tiny.png" type="image/png"/>
    <link rel="alternate" type="application/rss+xml" title="Swift Package Index Blog" href="http://localhost:8080/blog/feed.xml"/>
    <link rel="alternate" type="application/rss+xml" title="Swift Package Index – Recently Added Packages" href="http://localhost:8080/packages.rss"/>
    <link rel="alternate" type="application/rss+xml" title="Swift Package Index – Recent Package Releases" href="http://localhost:8080/releases.rss"/>
    <link rel="alternate" type="application/rss+xml" title="Swift Package Index – Recent Major Package Releases" href="http://localhost:8080/releases.rss?major=true"/>
    <link rel="alternate" type="application/rss+xml" title="Swift Package Index – Recent Major & Minor Package Releases" href="http://localhost:8080/releases.rss?major=true&minor=true"/>
    <link rel="alternate" type="application/rss+xml" title="Swift Package Index – Recent Package Pre-Releases" href="http://localhost:8080/releases.rss?pre=true"/>
    <link rel="stylesheet" href="/shared.css?test" data-turbolinks-track="reload"/>
    <link rel="stylesheet" href="/main.css?test" data-turbolinks-track="reload"/>
    <script src="/shared.js?test" data-turbolinks-track="reload" defer></script>
    <script src="/main.js?test" data-turbolinks-track="reload" defer></script><script async defer data-domain="swiftpackageindex.com" src="https://plausible.io/js/plausible.outbound-links.js"></script>
<script>window.plausible = window.plausible || function() { (window.plausible.q = window.plausible.q || []).push(arguments) }</script>
  </head>
  <body>
    <header>
      <div class="inner">
        <a href="/">
          <h1>
            <img alt="The Swift Package Index logo." src="/images/logo.svg"/>Swift Package Index
          </h1>
        </a>
        <nav>
          <ul>
            <li>
              <a class="supporters" href="/supporters">Supporters</a>
            </li>
            <li>
              <a href="/add-a-package">Add a Package</a>
            </li>
            <li>
              <a href="/blog">Blog</a>
            </li>
            <li>
              <a href="/faq">FAQ</a>
            </li>
          </ul>
        </nav>
      </div>
    </header>
    <p class="announcement">Track the adoption of Swift 6 strict concurrency checks for data race safety. How many packages are 
      <a href="/ready-for-swift-6">Ready for Swift 6</a>?
    </p>
    <nav class="breadcrumbs">
      <div class="inner">
        <ul>
          <li>
            <a href="/">
              <span>Home</span>
            </a>
          </li>
          <li>
            <span>Search Results for &ldquo;query&rdquo;</span>
          </li>
        </ul>
      </div>
    </nav>
    <main>
      <div class="inner">
        <section class="search">
          <form action="/search">
            <input id="query" name="query" type="search" placeholder="Search" spellcheck="false" autocomplete="off" data-gramm="false" data-focus="true" value="query"/>
            <button type="submit">
              <div title="Search"></div>
            </button>
          </form>
          <div class="filter-suggestions">Add filters to narrow search results. 
            <span class="learn_more">
              <a href="/faq#search-filters">Learn more</a>.
            </span>
          </div>
        </section>
        <section class="search-results">
          <p>Results for &ldquo;
            <strong>query</strong>&rdquo;&hellip;
          </p>
          <div class="two-column mobile-reversed">
            <section class="package-results">
              <h4>Matching packages</h4>
              <ul id="package-list" data-focus-query-field="true">
                <li>
                  <a href="https://example.com/package/one">
                    <h4>Package One</h4>
                    <p>This is a package filled with ones.</p>
                    <ul class="keywords matching">
                      <li>
                        <span>Matching keywords: </span>
                      </li>
                      <li>
                        <span>one</span>
                      </li>
                    </ul>
                    <ul class="metadata">
                      <li class="identifier">
                        <small>package/one</small>
                      </li>
                      <li class="activity">
                        <small>Active 1 day ago</small>
                      </li>
                      <li class="stars">
                        <small>1,111 stars</small>
                      </li>
                    </ul>
                  </a>
                </li>
                <li>
                  <a href="https://example.com/package/two">
                    <h4>Package Two</h4>
                    <p>This is a package filled with twos.</p>
                    <ul class="keywords matching">
                      <li>
                        <span>Matching keywords: </span>
                      </li>
                      <li>
                        <span>two</span>
                      </li>
                    </ul>
                    <ul class="metadata">
                      <li class="identifier">
                        <small>package/two</small>
                      </li>
                      <li class="activity">
                        <small>Active 2 days ago</small>
                      </li>
                      <li class="stars">
                        <small>2,222 stars</small>
                      </li>
                    </ul>
                  </a>
                </li>
                <li>
                  <a href="https://example.com/package/three">
                    <h4>Package Three</h4>
                    <p>This is a package filled with threes.</p>
                    <ul class="keywords matching">
                      <li>
                        <span>Matching keywords: </span>
                      </li>
                      <li>
                        <span>three</span>
                      </li>
                    </ul>
                    <ul class="metadata">
                      <li class="identifier">
                        <small>package/three</small>
                      </li>
                      <li class="activity">
                        <small>Active 3 days ago</small>
                      </li>
                      <li class="stars">
                        <small>3,333 stars</small>
                      </li>
                    </ul>
                  </a>
                </li>
                <li>
                  <a href="https://example.com/package/four">
                    <h4>four</h4>
                    <p>This is a package filled with fours.</p>
                    <ul class="keywords matching">
                      <li>
                        <span>Matching keywords: </span>
                      </li>
                      <li>
                        <span>four</span>
                      </li>
                    </ul>
                    <ul class="metadata">
                      <li class="identifier">
                        <small>package/four</small>
                      </li>
                      <li class="activity">
                        <small>Active 3 days ago</small>
                      </li>
                      <li class="stars">
                        <small>4,444 stars</small>
                      </li>
                    </ul>
                  </a>
                </li>
              </ul>
              <ul class="pagination">
                <li class="previous">
                  <a href="/search?query=query&page=2">Previous Page</a>
                </li>
                <li class="next">
                  <a href="/search?query=query&page=4">Next Page</a>
                </li>
              </ul>
            </section>
            <div>
              <section class="author-results">
                <h4>Matching authors</h4>
                <div data-controller="overflowing-list" data-overflowing-list-overflow-message-value="Show more authors…" data-overflowing-list-overflow-height-value="129" data-overflowing-list-collapsed-value="true" data-action="turbo:load@document->overflowing-list#addShowMoreLinkIfNeeded">
                  <ul data-overflowing-list-target="list">
                    <li>
                      <a href="/Apple">Apple</a>
                    </li>
                    <li>
                      <a href="/Orange">Orange</a>
                    </li>
                    <li>
                      <a href="/Pear">Pear</a>
                    </li>
                  </ul>
                </div>
              </section>
              <section class="keyword-results">
                <h4>Matching keywords</h4>
                <div data-controller="overflowing-list" data-overflowing-list-overflow-message-value="Show more keywords…" data-overflowing-list-overflow-height-value="260" data-overflowing-list-collapsed-value="true" data-action="turbo:load@document->overflowing-list#addShowMoreLinkIfNeeded">
                  <ul data-overflowing-list-target="list" class="keywords">
                    <li>
                      <a href="/keywords/four">four
                        <span class="count-tag">4</span>
                      </a>
                    </li>
                    <li>
                      <a href="/keywords/three">three
                        <span class="count-tag">3</span>
                      </a>
                    </li>
                    <li>
                      <a href="/keywords/two">two
                        <span class="count-tag">2</span>
                      </a>
                    </li>
                    <li>
                      <a href="/keywords/one">one
                        <span class="count-tag">1</span>
                      </a>
                    </li>
                  </ul>
                </div>
              </section>
            </div>
          </div>
        </section>
      </div>
    </main>
    <footer>
      <div class="inner">
        <nav>
          <ul>
            <li>
              <a href="/blog">Blog</a>
            </li>
            <li>
              <a href="https://github.com/SwiftPackageIndex/SwiftPackageIndex-Server">GitHub</a>
            </li>
            <li>
              <a href="/privacy">Privacy</a>
            </li>
            <li>
              <a href="https://swiftpackageindex.statuspage.io">System Status</a>
            </li>
            <li>
              <a href="/build-monitor">Build System Monitor</a>
            </li>
            <li>
              <a href="https://mas.to/@SwiftPackageIndex">Mastodon</a>
            </li>
            <li>
              <a href="https://swiftpackageindexing.transistor.fm">Podcast</a>
            </li>
            <li>
              <a href="/ready-for-swift-6">Ready for Swift 6</a>
            </li>
          </ul>
          <small>The Swift Package Index is entirely funded by community sponsorship. Thank you to 
            <a href="https://github.com/SwiftPackageIndex/SwiftPackageIndex-Server#funding-and-sponsorship">all our sponsors for their generosity</a>.
          </small>
          <small>The Swift Package Index is operated by SPI Operations Limited, a company registered in the UK with company number 13466692.</small>
          <a rel="me" href="https://mas.to/@SwiftPackageIndex"></a>
          <a rel="me" href="https://mas.to/@SwiftPackageUpdates"></a>
        </nav>
      </div>
    </footer>
    <spi-debug-panel class="hidden">
      <table>
        <tbody></tbody>
      </table>
    </spi-debug-panel>
  </body>
</html>