<!DOCTYPE html>
<html lang="en"><!--Version: test--><!--DB Id: db-id-->
  <head>
    <meta name="viewport" content="width=device-width, initial-scale=1.0"/>
    <meta charset="UTF-8"/>
    <meta property="og:site_name" content="The Swift Package Index"/>
    <link rel="canonical" href="http://localhost:8080/"/>
    <meta name="twitter:url" content="http://localhost:8080/"/>
    <meta property="og:url" content="http://localhost:8080/"/>
    <title>Supporters &ndash; Swift Package Index</title>
    <meta name="twitter:title" content="Supporters &ndash; Swift Package Index"/>
    <meta property="og:title" content="Supporters &ndash; Swift Package Index"/>
    <meta name="description" content="The Swift Package Index is the place to find the best Swift packages."/>
    <meta name="twitter:description" content="The Swift Package Index is the place to find the best Swift packages."/>
    <meta property="og:description" content="The Swift Package Index is the place to find the best Swift packages."/>
    <meta name="twitter:card" content="summary"/>
    <meta name="twitter:image" content="http://localhost:8080/images/logo.png"/>
    <meta property="og:image" content="http://localhost:8080/images/logo.png"/>
    <link rel="shortcut icon" href="/images/logo-tiny.png" type="image/png"/>
    <link rel="alternate" type="application/rss+xml" title="Swift Package Index Blog" href="http://localhost:8080/blog/feed.xml"/>
    <link rel="alternate" type="application/rss+xml" title="Swift Package Index – Recently Added Packages" href="http://localhost:8080/packages.rss"/>
    <link rel="alternate" type="application/rss+xml" title="Swift Package Index – Recent Package Releases" href="http://localhost:8080/releases.rss"/>
    <link rel="alternate" type="application/rss+xml" title="Swift Package Index – Recent Major Package Releases" href="http://localhost:8080/releases.rss?major=true"/>
    <link rel="alternate" type="application/rss+xml" title="Swift Package Index – Recent Major & Minor Package Releases" href="http://localhost:8080/releases.rss?major=true&minor=true"/>
    <link rel="alternate" type="application/rss+xml" title="Swift Package Index – Recent Package Pre-Releases" href="http://localhost:8080/releases.rss?pre=true"/>
    <link rel="stylesheet" href="/shared.css?test" data-turbolinks-track="reload"/>
    <link rel="stylesheet" href="/main.css?test" data-turbolinks-track="reload"/>
    <script src="/shared.js?test" data-turbolinks-track="reload" defer></script>
    <script src="/main.js?test" data-turbolinks-track="reload" defer></script><script async defer data-domain="swiftpackageindex.com" src="https://plausible.io/js/plausible.outbound-links.js"></script>
<script>window.plausible = window.plausible || function() { (window.plausible.q = window.plausible.q || []).push(arguments) }</script>
  </head>
  <body>
    <header>
      <div class="inner">
        <a href="/">
          <h1>
            <img alt="The Swift Package Index logo." src="/images/logo.svg"/>Swift Package Index
          </h1>
        </a>
        <nav>
          <ul>
            <li>
              <a class="supporters" href="/supporters">Supporters</a>
            </li>
            <li>
              <a href="/add-a-package">Add a Package</a>
            </li>
            <li>
              <a href="/blog">Blog</a>
            </li>
            <li>
              <a href="/faq">FAQ</a>
            </li>
            <li class="search">
              <form action="/search">
                <input id="query" name="query" type="search" placeholder="Search" spellcheck="false" autocomplete="off" data-gramm="false" data-focus="false"/>
                <button type="submit">
                  <div title="Search"></div>
                </button>
              </form>
            </li>
          </ul>
        </nav>
      </div>
    </header>
    <p class="announcement">Track the adoption of Swift 6 strict concurrency checks for data race safety. How many packages are 
      <a href="/ready-for-swift-6">Ready for Swift 6</a>?
    </p>
    <nav class="breadcrumbs">
      <div class="inner">
        <ul>
          <li>
            <a href="/">
              <span>Home</span>
            </a>
          </li>
          <li>
            <span>Supporters</span>
          </li>
        </ul>
      </div>
    </nav>
    <main>
      <div class="inner">
        <div class="supporters">
          <h2>Supporters</h2>
          <section class="preamble">
            <div>
              <p>This project is funded entirely by the generous financial support of the Swift community. Thank you to 
                <strong>everyone</strong> who supports this project. We couldn’t keep it running without you!
              </p>
              <p>You can add your support through 
                <a href="https://github.com/sponsors/SwiftPackageIndex">our GitHub Sponsors page</a>. Or, if you are interested in corporate sponsorship, please 
                <a href="mailto:contact@swiftpackageindex.com">get in touch</a>.
              </p>
            </div>
            <div>
              <div class="panel-button ghcta">
                <a href="https://github.com/sponsors/SwiftPackageIndex">
                  <div class="body">Please consider supporting this project through GitHub Sponsors.</div>
                  <div class="cta">Visit GitHub Sponsors &rarr;</div>
                </a>
              </div>
            </div>
          </section>
          <hr/>
          <section class="corporate">
            <h3>Corporate Supporters</h3>
            <ul>
              <li>
                <a href="http://apple.com">
                  <picture>
                    <source srcset="/images/sponsors/apple~dark.svg" media="(prefers-color-scheme: dark)"/>
                    <img alt="Apple logo" src="/images/sponsors/apple.svg" width="100" height="123"/>
                  </picture>
                </a>
              </li>
            </ul>
            <ul>
              <li>
                <a href="https://example.com/sponsored/link">
                  <picture>
                    <source srcset="/images/logo.svg" media="(prefers-color-scheme: dark)"/>
                    <img alt="Sample Sponsor logo" src="/images/logo.svg" width="300" height="100"/>
                  </picture>
                </a>
              </li>
              <li>
                <a href="https://example.com/sponsored/link">
                  <picture>
                    <source srcset="/images/logo.svg" media="(prefers-color-scheme: dark)"/>
                    <img alt="Sample Sponsor logo" src="/images/logo.svg" width="300" height="100"/>
                  </picture>
                </a>
              </li>
            </ul>
          </section>
          <section class="infrastructure">
            <h3>Infrastructure Supporters</h3>
            <ul>
              <li>
                <a href="https://example.com/sponsored/link">
                  <picture>
                    <source srcset="/images/logo.svg" media="(prefers-color-scheme: dark)"/>
                    <img alt="Sample Sponsor logo" src="/images/logo.svg" width="300" height="100"/>
                  </picture>
                </a>
              </li>
              <li>
                <a href="https://example.com/sponsored/link">
                  <picture>
                    <source srcset="/images/logo.svg" media="(prefers-color-scheme: dark)"/>
                    <img alt="Sample Sponsor logo" src="/images/logo.svg" width="300" height="100"/>
                  </picture>
                </a>
              </li>
            </ul>
          </section>
          <section class="community">
            <h3>Community Supporters</h3>
            <ul>
              <li>
                <a href="https://github.com/sponsor">
                  <img src="/images/logo.svg" alt="Profile picture for Community Sponsor" width="50" height="50" loading="lazy"/>
                  <div>
                    <div>Community Sponsor</div>
                    <div>sponsor</div>
                  </div>
                </a>
              </li>
              <li>
                <a href="https://github.com/sponsor">
                  <img src="/images/logo.svg" alt="Profile picture for Community Sponsor" width="50" height="50" loading="lazy"/>
                  <div>
                    <div>Community Sponsor</div>
                    <div>sponsor</div>
                  </div>
                </a>
              </li>
              <li>
                <a href="https://github.com/sponsor">
                  <img src="/images/logo.svg" alt="Profile picture for Community Sponsor" width="50" height="50" loading="lazy"/>
                  <div>
                    <div>Community Sponsor</div>
                    <div>sponsor</div>
                  </div>
                </a>
              </li>
              <li>
                <a href="https://github.com/sponsor">
                  <img src="/images/logo.svg" alt="Profile picture for Community Sponsor" width="50" height="50" loading="lazy"/>
                  <div>
                    <div>Community Sponsor</div>
                    <div>sponsor</div>
                  </div>
                </a>
              </li>
              <li>
                <a href="https://github.com/sponsor">
                  <img src="/images/logo.svg" alt="Profile picture for Community Sponsor" width="50" height="50" loading="lazy"/>
                  <div>
                    <div>Community Sponsor</div>
                    <div>sponsor</div>
                  </div>
                </a>
              </li>
              <li>
                <a href="https://github.com/sponsor">
                  <img src="/images/logo.svg" alt="Profile picture for Community Sponsor" width="50" height="50" loading="lazy"/>
                  <div>
                    <div>Community Sponsor</div>
                    <div>sponsor</div>
                  </div>
                </a>
              </li>
              <li>
                <a href="https://github.com/sponsor">
                  <img src="/images/logo.svg" alt="Profile picture for Community Sponsor" width="50" height="50" loading="lazy"/>
                  <div>
                    <div>Community Sponsor</div>
                    <div>sponsor</div>
                  </div>
                </a>
              </li>
              <li>
                <a href="https://github.com/sponsor">
                  <img src="/images/logo.svg" alt="Profile picture for Community Sponsor" width="50" height="50" loading="lazy"/>
                  <div>
                    <div>Community Sponsor</div>
                    <div>sponsor</div>
                  </div>
                </a>
              </li>
              <li>
                <a href="https://github.com/sponsor">
                  <img src="/images/logo.svg" alt="Profile picture for Community Sponsor" width="50" height="50" loading="lazy"/>
                  <div>
                    <div>Community Sponsor</div>
                    <div>sponsor</div>
                  </div>
                </a>
              </li>
              <li>
                <a href="https://github.com/sponsor">
                  <img src="/images/logo.svg" alt="Profile picture for Community Sponsor" width="50" height="50" loading="lazy"/>
                  <div>
                    <div>Community Sponsor</div>
                    <div>sponsor</div>
                  </div>
                </a>
              </li>
              <li>
                <a href="https://github.com/sponsor">
                  <img src="/images/logo.svg" alt="Profile picture for Community Sponsor" width="50" height="50" loading="lazy"/>
                  <div>
                    <div>Community Sponsor</div>
                    <div>sponsor</div>
                  </div>
                </a>
              </li>
              <li>
                <a href="https://github.com/sponsor">
                  <img src="/images/logo.svg" alt="Profile picture for Community Sponsor" width="50" height="50" loading="lazy"/>
                  <div>
                    <div>Community Sponsor</div>
                    <div>sponsor</div>
                  </div>
                </a>
              </li>
              <li>
                <a href="https://github.com/sponsor">
                  <img src="/images/logo.svg" alt="Profile picture for Community Sponsor" width="50" height="50" loading="lazy"/>
                  <div>
                    <div>Community Sponsor</div>
                    <div>sponsor</div>
                  </div>
                </a>
              </li>
              <li>
                <a href="https://github.com/sponsor">
                  <img src="/images/logo.svg" alt="Profile picture for Community Sponsor" width="50" height="50" loading="lazy"/>
                  <div>
                    <div>Community Sponsor</div>
                    <div>sponsor</div>
                  </div>
                </a>
              </li>
            </ul>
          </section>
          <div class="thank-you">Thank you!</div>
        </div>
      </div>
    </main>
    <footer>
      <div class="inner">
        <nav>
          <ul>
            <li>
              <a href="/blog">Blog</a>
            </li>
            <li>
              <a href="https://github.com/SwiftPackageIndex/SwiftPackageIndex-Server">GitHub</a>
            </li>
            <li>
              <a href="/privacy">Privacy</a>
            </li>
            <li>
              <a href="https://swiftpackageindex.statuspage.io">System Status</a>
            </li>
            <li>
              <a href="/build-monitor">Build System Monitor</a>
            </li>
            <li>
              <a href="https://mas.to/@SwiftPackageIndex">Mastodon</a>
            </li>
            <li>
              <a href="https://swiftpackageindexing.transistor.fm">Podcast</a>
            </li>
            <li>
              <a href="/ready-for-swift-6">Ready for Swift 6</a>
            </li>
          </ul>
          <small>The Swift Package Index is entirely funded by community sponsorship. Thank you to 
            <a href="https://github.com/SwiftPackageIndex/SwiftPackageIndex-Server#funding-and-sponsorship">all our sponsors for their generosity</a>.
          </small>
          <small>The Swift Package Index is operated by SPI Operations Limited, a company registered in the UK with company number 13466692.</small>
          <a rel="me" href="https://mas.to/@SwiftPackageIndex"></a>
          <a rel="me" href="https://mas.to/@SwiftPackageUpdates"></a>
        </nav>
      </div>
    </footer>
    <spi-debug-panel class="hidden">
      <table>
        <tbody></tbody>
      </table>
    </spi-debug-panel>
  </body>
</html>