<!DOCTYPE html>
<html lang="en"><!--Version: test--><!--DB Id: db-id-->
  <head>
    <meta name="robots" content="noindex"/>
    <meta name="viewport" content="width=device-width, initial-scale=1.0"/>
    <meta charset="UTF-8"/>
    <meta name="og:site_name" content="The Swift Package Index"/>
    <link rel="canonical" href="http://localhost:8080/"/>
    <meta name="twitter:url" content="http://localhost:8080/"/>
    <meta name="og:url" content="http://localhost:8080/"/>
    <title>Swift Package Index</title>
    <meta name="twitter:title" content="Swift Package Index"/>
    <meta name="og:title" content="Swift Package Index"/>
    <meta name="description" content="The Swift Package Index is the place to find the best Swift packages."/>
    <meta name="twitter:description" content="The Swift Package Index is the place to find the best Swift packages."/>
    <meta name="og:description" content="The Swift Package Index is the place to find the best Swift packages."/>
    <meta name="twitter:card" content="summary"/>
    <meta name="twitter:image" content="http://localhost:8080/images/logo.png"/>
    <meta name="og:image" content="http://localhost:8080/images/logo.png"/>
    <link rel="shortcut icon" href="/images/logo-small.png" type="image/png"/>
    <link rel="stylesheet" href="/main.css?test" data-turbolinks-track="reload"/>
    <link rel="alternate" type="application/rss+xml" title="Swift Package Index – Recently Added" href="http://localhost:8080/packages.rss"/>
    <link rel="alternate" type="application/rss+xml" title="Swift Package Index – Recent Releases" href="http://localhost:8080/releases.rss"/>
    <link rel="alternate" type="application/rss+xml" title="Swift Package Index – Recent Major Releases" href="http://localhost:8080/releases.rss?major=true"/>
    <link rel="alternate" type="application/rss+xml" title="Swift Package Index – Recent Major & Minor Releases" href="http://localhost:8080/releases.rss?major=true&minor=true"/>
    <link rel="alternate" type="application/rss+xml" title="Swift Package Index – Recent Pre-Releases" href="http://localhost:8080/releases.rss?pre=true"/>
    <script src="/main.js?test" data-turbolinks-track="reload" defer></script>
  </head>
  <body>
    <div class="staging">Staging / Development</div>
    <header>
      <div class="inner">
        <a href="/">
          <h1>
            <img alt="The Swift Package Index logo." src="/images/logo.svg"/>Swift Package Index
          </h1>
        </a>
        <nav>
          <ul>
            <li class="menu_scta">
              <a id="menu_scta" href="https://github.com/sponsors/SwiftPackageIndex"></a>
              <div id="menu_scta_help">
                <p>The Swift Package Index is an open-source project entirely funded by community donations.</p>
                <p>Please consider sponsoring this project. 
                  <strong>Thank you!</strong>
                </p>
              </div>
            </li>
            <li>
              <a href="/add-a-package">Add a Package</a>
            </li>
            <li>
              <a href="https://blog.swiftpackageindex.com">Blog</a>
            </li>
            <li>
              <a href="/faq">FAQ</a>
            </li>
            <li class="search">
              <form action="/search">
                <input id="query" name="query" type="search" placeholder="Search" spellcheck="false" autocomplete="off" data-gramm="false" data-focus="false"/>
                <button type="submit">
                  <div title="Search"></div>
                </button>
              </form>
              <a href="/search" title="Search"></a>
            </li>
          </ul>
        </nav>
      </div>
    </header>
    <main>
      <div class="inner">
        <h2>Package not found</h2>
        <p>Oh no! It looks like this is a valid GitHub repository but isn't yet a package in the index. If this repository contains a Swift package, please add it.</p>
        <p class="right">
          <a class="big_button green" href="https://github.com/SwiftPackageIndex/PackageList/issues/new?labels=Add+Package&template=add_package.yml&title=Add+package&list=https%3A%2F%2Fgithub.com%2Fmissing%2Fpackage.git">Add this Package</a>
          <a class="big_button blue" href="https://github.com/missing/package">View on GitHub</a>
        </p>
      </div>
    </main>
    <footer>
      <div class="inner">
        <nav>
          <ul>
            <li>
              <a href="https://blog.swiftpackageindex.com">Blog</a>
            </li>
            <li>
              <a href="https://github.com/SwiftPackageIndex/SwiftPackageIndex-Server">GitHub</a>
            </li>
            <li>
              <a href="/privacy">Privacy and Cookies</a>
            </li>
            <li>
              <a href="https://swiftpackageindex.statuspage.io">Uptime and System Status</a>
            </li>
            <li>
              <a href="/build-monitor">Build System Monitor</a>
            </li>
            <li>
              <a href="https://twitter.com/swiftpackages">Twitter</a>
            </li>
          </ul>
          <small>The Swift Package Index is entirely funded by community sponsorship. Thank you to 
            <a href="https://github.com/SwiftPackageIndex/SwiftPackageIndex-Server#funding-and-sponsorship">all our sponsors for their generosity</a>.
          </small>
        </nav>
      </div>
    </footer>
    <div class="staging">Staging / Development</div>
  </body>
</html>