<!DOCTYPE html>
<html>
  <body>
    <turbo-frame id="readme_page">
      <spi-readme><p>This is README content.</p></spi-readme>
    </turbo-frame>
  </body>
</html>