<!DOCTYPE html>
<html lang="en"><!--Version: test--><!--DB Id: db-id-->
  <head>
    <meta name="viewport" content="width=device-width, initial-scale=1.0"/>
    <meta charset="UTF-8"/>
    <meta property="og:site_name" content="The Swift Package Index"/>
    <link rel="canonical" href="http://localhost:8080/"/>
    <meta name="twitter:url" content="http://localhost:8080/"/>
    <meta property="og:url" content="http://localhost:8080/"/>
    <title>Ready for Swift 6 &ndash; Swift Package Index</title>
    <meta name="twitter:title" content="Ready for Swift 6 &ndash; Swift Package Index"/>
    <meta property="og:title" content="Ready for Swift 6 &ndash; Swift Package Index"/>
    <meta name="description" content="The Swift Package Index is the place to find the best Swift packages."/>
    <meta name="twitter:description" content="The Swift Package Index is the place to find the best Swift packages."/>
    <meta property="og:description" content="The Swift Package Index is the place to find the best Swift packages."/>
    <meta name="twitter:card" content="summary"/>
    <meta name="twitter:image" content="http://localhost:8080/images/logo.png"/>
    <meta property="og:image" content="http://localhost:8080/images/logo.png"/>
    <link rel="shortcut icon" href="/images/logo-tiny.png" type="image/png"/>
    <link rel="alternate" type="application/rss+xml" title="Swift Package Index Blog" href="http://localhost:8080/blog/feed.xml"/>
    <link rel="alternate" type="application/rss+xml" title="Swift Package Index – Recently Added Packages" href="http://localhost:8080/packages.rss"/>
    <link rel="alternate" type="application/rss+xml" title="Swift Package Index – Recent Package Releases" href="http://localhost:8080/releases.rss"/>
    <link rel="alternate" type="application/rss+xml" title="Swift Package Index – Recent Major Package Releases" href="http://localhost:8080/releases.rss?major=true"/>
    <link rel="alternate" type="application/rss+xml" title="Swift Package Index – Recent Major & Minor Package Releases" href="http://localhost:8080/releases.rss?major=true&minor=true"/>
    <link rel="alternate" type="application/rss+xml" title="Swift Package Index – Recent Package Pre-Releases" href="http://localhost:8080/releases.rss?pre=true"/>
    <link rel="stylesheet" href="/main.css?test" data-turbolinks-track="reload"/>
    <script src="/main.js?test" data-turbolinks-track="reload" defer></script><script async defer data-domain="swiftpackageindex.com" src="https://plausible.io/js/plausible.outbound-links.js"></script>
<script>window.plausible = window.plausible || function() { (window.plausible.q = window.plausible.q || []).push(arguments) }</script>
  </head>
  <body>
    <header>
      <div class="inner">
        <a href="/">
          <h1>
            <img alt="The Swift Package Index logo." src="/images/logo.svg"/>Swift Package Index
          </h1>
        </a>
        <nav>
          <ul>
            <li>
              <a class="supporters" href="/supporters">Supporters</a>
            </li>
            <li>
              <a href="/add-a-package">Add a Package</a>
            </li>
            <li>
              <a href="/blog">Blog</a>
            </li>
            <li>
              <a href="/faq">FAQ</a>
            </li>
            <li class="search">
              <form action="/search">
                <input id="query" name="query" type="search" placeholder="Search" spellcheck="false" autocomplete="off" data-gramm="false" data-focus="false"/>
                <button type="submit">
                  <div title="Search"></div>
                </button>
              </form>
            </li>
          </ul>
        </nav>
      </div>
    </header>
    <nav class="breadcrumbs">
      <div class="inner">
        <ul>
          <li>
            <a href="/">
              <span>Home</span>
            </a>
          </li>
          <li>
            <span>Ready for Swift 6</span>
          </li>
        </ul>
      </div>
    </nav>
    <main>
      <div class="inner">
        <div class="supporters">
          <h2>Ready for Swift 6</h2>
          <p>A summary of what Swift 6 is and brings, links to the transition guide and other documentation, and an introduction to the charts and other information below.</p>
        </div>
      </div>
    </main>
    <footer>
      <div class="inner">
        <nav>
          <ul>
            <li>
              <a href="/blog">Blog</a>
            </li>
            <li>
              <a href="https://github.com/SwiftPackageIndex/SwiftPackageIndex-Server">GitHub</a>
            </li>
            <li>
              <a href="/privacy">Privacy and Cookies</a>
            </li>
            <li>
              <a href="https://swiftpackageindex.statuspage.io">Uptime and System Status</a>
            </li>
            <li>
              <a href="/build-monitor">Build System Monitor</a>
            </li>
            <li>
              <a href="https://mas.to/@SwiftPackageIndex">Mastodon</a>
            </li>
          </ul>
          <small>The Swift Package Index is entirely funded by community sponsorship. Thank you to 
            <a href="https://github.com/SwiftPackageIndex/SwiftPackageIndex-Server#funding-and-sponsorship">all our sponsors for their generosity</a>.
          </small>
          <small>The Swift Package Index is operated by SPI Operations Limited, a company registered in the UK with company number 13466692.</small>
          <a rel="me" href="https://mas.to/@SwiftPackageIndex"></a>
          <a rel="me" href="https://mas.to/@SwiftPackageUpdates"></a>
        </nav>
      </div>
    </footer>
  </body>
</html>