<!DOCTYPE html>
<html lang="en"><!--Version: test--><!--DB Id: db-id-->
  <head>
    <meta name="robots" content="noindex"/>
    <meta name="viewport" content="width=device-width, initial-scale=1.0"/>
    <meta charset="UTF-8"/>
    <meta name="og:site_name" content="The Swift Package Index"/>
    <link rel="canonical" href="http://localhost:8080/"/>
    <meta name="twitter:url" content="http://localhost:8080/"/>
    <meta name="og:url" content="http://localhost:8080/"/>
    <title>Packages for keyword networking &ndash; Swift Package Index</title>
    <meta name="twitter:title" content="Packages for keyword networking &ndash; Swift Package Index"/>
    <meta name="og:title" content="Packages for keyword networking &ndash; Swift Package Index"/>
    <meta name="description" content="The Swift Package Index is indexing 10 packages for networking."/>
    <meta name="twitter:description" content="The Swift Package Index is indexing 10 packages for networking."/>
    <meta name="og:description" content="The Swift Package Index is indexing 10 packages for networking."/>
    <meta name="twitter:card" content="summary"/>
    <meta name="twitter:image" content="http://localhost:8080/images/logo.png"/>
    <meta name="og:image" content="http://localhost:8080/images/logo.png"/>
    <link rel="shortcut icon" href="/images/logo-small.png" type="image/png"/>
    <link rel="stylesheet" href="/main.css?test" data-turbolinks-track="reload"/>
    <link rel="alternate" type="application/rss+xml" title="Swift Package Index – Recently Added" href="http://localhost:8080/packages.rss"/>
    <link rel="alternate" type="application/rss+xml" title="Swift Package Index – Recent Releases" href="http://localhost:8080/releases.rss"/>
    <link rel="alternate" type="application/rss+xml" title="Swift Package Index – Recent Major Releases" href="http://localhost:8080/releases.rss?major=true"/>
    <link rel="alternate" type="application/rss+xml" title="Swift Package Index – Recent Major & Minor Releases" href="http://localhost:8080/releases.rss?major=true&minor=true"/>
    <link rel="alternate" type="application/rss+xml" title="Swift Package Index – Recent Pre-Releases" href="http://localhost:8080/releases.rss?pre=true"/>
    <script src="/main.js?test" data-turbolinks-track="reload" defer></script>
  </head>
  <body>
    <div class="staging">Staging / Development</div>
    <header>
      <div class="inner">
        <a href="/">
          <h1>
            <img alt="The Swift Package Index logo." src="/images/logo.svg"/>Swift Package Index
          </h1>
        </a>
        <nav>
          <ul>
            <li class="menu_scta">
              <a id="menu_scta" href="https://github.com/sponsors/SwiftPackageIndex"></a>
              <div id="menu_scta_help">
                <p>The Swift Package Index is an open-source project entirely funded by community donations.</p>
                <p>Please consider sponsoring this project. 
                  <strong>Thank you!</strong>
                </p>
              </div>
            </li>
            <li>
              <a href="/add-a-package">Add a Package</a>
            </li>
            <li>
              <a href="https://blog.swiftpackageindex.com">Blog</a>
            </li>
            <li>
              <a href="/faq">FAQ</a>
            </li>
            <li class="search">
              <form action="/search">
                <input id="query" name="query" type="search" placeholder="Search" spellcheck="false" autocomplete="off" data-gramm="false" data-focus="false"/>
                <button type="submit">
                  <div title="Search"></div>
                </button>
              </form>
              <a href="/search" title="Search"></a>
            </li>
          </ul>
        </nav>
      </div>
    </header>
    <nav class="breadcrumbs">
      <div class="inner">
        <ul>
          <li>
            <a href="/">Home</a>
          </li>
          <li>networking</li>
        </ul>
      </div>
    </nav>
    <main>
      <div class="inner">
        <h2 class="trimmed">Packages for keyword “networking”</h2>
        <ul id="package_list">
          <li>
            <a href="https://example.com/owner/name.git">
              <h4>Networking Package 1</h4>
              <p>Lorem ipsum dolor sit amet, consectetur adipiscing elit. Maecenas nec orci scelerisque, interdum purus a, tempus turpis.</p>
              <ul class="metadata">
                <li class="identifier">
                  <small>owner/name</small>
                </li>
                <li class="activity">
                  <small>Active in 0 seconds</small>
                </li>
                <li class="stars">
                  <small>4 stars</small>
                </li>
              </ul>
            </a>
          </li>
          <li>
            <a href="https://example.com/owner/name.git">
              <h4>Networking Package 2</h4>
              <p>Lorem ipsum dolor sit amet, consectetur adipiscing elit. Maecenas nec orci scelerisque, interdum purus a, tempus turpis.</p>
              <ul class="metadata">
                <li class="identifier">
                  <small>owner/name</small>
                </li>
                <li class="activity">
                  <small>Active in 0 seconds</small>
                </li>
                <li class="stars">
                  <small>4 stars</small>
                </li>
              </ul>
            </a>
          </li>
          <li>
            <a href="https://example.com/owner/name.git">
              <h4>Networking Package 3</h4>
              <p>Lorem ipsum dolor sit amet, consectetur adipiscing elit. Maecenas nec orci scelerisque, interdum purus a, tempus turpis.</p>
              <ul class="metadata">
                <li class="identifier">
                  <small>owner/name</small>
                </li>
                <li class="activity">
                  <small>Active in 0 seconds</small>
                </li>
                <li class="stars">
                  <small>4 stars</small>
                </li>
              </ul>
            </a>
          </li>
          <li>
            <a href="https://example.com/owner/name.git">
              <h4>Networking Package 4</h4>
              <p>Lorem ipsum dolor sit amet, consectetur adipiscing elit. Maecenas nec orci scelerisque, interdum purus a, tempus turpis.</p>
              <ul class="metadata">
                <li class="identifier">
                  <small>owner/name</small>
                </li>
                <li class="activity">
                  <small>Active in 0 seconds</small>
                </li>
                <li class="stars">
                  <small>4 stars</small>
                </li>
              </ul>
            </a>
          </li>
          <li>
            <a href="https://example.com/owner/name.git">
              <h4>Networking Package 5</h4>
              <p>Lorem ipsum dolor sit amet, consectetur adipiscing elit. Maecenas nec orci scelerisque, interdum purus a, tempus turpis.</p>
              <ul class="metadata">
                <li class="identifier">
                  <small>owner/name</small>
                </li>
                <li class="activity">
                  <small>Active in 0 seconds</small>
                </li>
                <li class="stars">
                  <small>4 stars</small>
                </li>
              </ul>
            </a>
          </li>
          <li>
            <a href="https://example.com/owner/name.git">
              <h4>Networking Package 6</h4>
              <p>Lorem ipsum dolor sit amet, consectetur adipiscing elit. Maecenas nec orci scelerisque, interdum purus a, tempus turpis.</p>
              <ul class="metadata">
                <li class="identifier">
                  <small>owner/name</small>
                </li>
                <li class="activity">
                  <small>Active in 0 seconds</small>
                </li>
                <li class="stars">
                  <small>4 stars</small>
                </li>
              </ul>
            </a>
          </li>
          <li>
            <a href="https://example.com/owner/name.git">
              <h4>Networking Package 7</h4>
              <p>Lorem ipsum dolor sit amet, consectetur adipiscing elit. Maecenas nec orci scelerisque, interdum purus a, tempus turpis.</p>
              <ul class="metadata">
                <li class="identifier">
                  <small>owner/name</small>
                </li>
                <li class="activity">
                  <small>Active in 0 seconds</small>
                </li>
                <li class="stars">
                  <small>4 stars</small>
                </li>
              </ul>
            </a>
          </li>
          <li>
            <a href="https://example.com/owner/name.git">
              <h4>Networking Package 8</h4>
              <p>Lorem ipsum dolor sit amet, consectetur adipiscing elit. Maecenas nec orci scelerisque, interdum purus a, tempus turpis.</p>
              <ul class="metadata">
                <li class="identifier">
                  <small>owner/name</small>
                </li>
                <li class="activity">
                  <small>Active in 0 seconds</small>
                </li>
                <li class="stars">
                  <small>4 stars</small>
                </li>
              </ul>
            </a>
          </li>
          <li>
            <a href="https://example.com/owner/name.git">
              <h4>Networking Package 9</h4>
              <p>Lorem ipsum dolor sit amet, consectetur adipiscing elit. Maecenas nec orci scelerisque, interdum purus a, tempus turpis.</p>
              <ul class="metadata">
                <li class="identifier">
                  <small>owner/name</small>
                </li>
                <li class="activity">
                  <small>Active in 0 seconds</small>
                </li>
                <li class="stars">
                  <small>4 stars</small>
                </li>
              </ul>
            </a>
          </li>
          <li>
            <a href="https://example.com/owner/name.git">
              <h4>Networking Package 10</h4>
              <p>Lorem ipsum dolor sit amet, consectetur adipiscing elit. Maecenas nec orci scelerisque, interdum purus a, tempus turpis.</p>
              <ul class="metadata">
                <li class="identifier">
                  <small>owner/name</small>
                </li>
                <li class="activity">
                  <small>Active in 0 seconds</small>
                </li>
                <li class="stars">
                  <small>4 stars</small>
                </li>
              </ul>
            </a>
          </li>
        </ul>
        <p>
          <strong>10 packages.</strong>
        </p>
        <ul class="pagination"></ul>
      </div>
    </main>
    <footer>
      <div class="inner">
        <nav>
          <ul>
            <li>
              <a href="https://blog.swiftpackageindex.com">Blog</a>
            </li>
            <li>
              <a href="https://github.com/SwiftPackageIndex/SwiftPackageIndex-Server">GitHub</a>
            </li>
            <li>
              <a href="/privacy">Privacy and Cookies</a>
            </li>
            <li>
              <a href="https://swiftpackageindex.statuspage.io">Uptime and System Status</a>
            </li>
            <li>
              <a href="/build-monitor">Build System Monitor</a>
            </li>
            <li>
              <a href="https://twitter.com/swiftpackages">Twitter</a>
            </li>
          </ul>
          <small>The Swift Package Index is entirely funded by community sponsorship. Thank you to 
            <a href="https://github.com/SwiftPackageIndex/SwiftPackageIndex-Server#funding-and-sponsorship">all our sponsors for their generosity</a>.
          </small>
        </nav>
      </div>
    </footer>
    <div class="staging">Staging / Development</div>
  </body>
</html>