<!DOCTYPE html>
<html lang="en"><!--Version: test--><!--DB Id: db-id-->
  <head>
    <meta name="robots" content="noindex"/>
    <meta name="viewport" content="width=device-width, initial-scale=1.0"/>
    <meta charset="UTF-8"/>
    <meta name="og:site_name" content="The Swift Package Index"/>
    <link rel="canonical" href="http://localhost:8080/"/>
    <meta name="twitter:url" content="http://localhost:8080/"/>
    <meta name="og:url" content="http://localhost:8080/"/>
    <title>Alamofire &ndash; Swift Package Index</title>
    <meta name="twitter:title" content="Alamofire &ndash; Swift Package Index"/>
    <meta name="og:title" content="Alamofire &ndash; Swift Package Index"/>
    <meta name="description" content="Alamofire by Alamofire on the Swift Package Index – Lorem ipsum dolor sit amet, consectetur adipiscing elit. Quisque quis porttitor erat. Vivamus porttitor mi odio, quis imperdiet velit blandit id. V…"/>
    <meta name="twitter:description" content="Alamofire by Alamofire on the Swift Package Index – Lorem ipsum dolor sit amet, consectetur adipiscing elit. Quisque quis porttitor erat. Vivamus porttitor mi odio, quis imperdiet velit blandit id. V…"/>
    <meta name="og:description" content="Alamofire by Alamofire on the Swift Package Index – Lorem ipsum dolor sit amet, consectetur adipiscing elit. Quisque quis porttitor erat. Vivamus porttitor mi odio, quis imperdiet velit blandit id. V…"/>
    <meta name="twitter:card" content="summary"/>
    <meta name="twitter:image" content="http://localhost:8080/images/logo.png"/>
    <meta name="og:image" content="http://localhost:8080/images/logo.png"/>
    <link rel="shortcut icon" href="/images/logo-small.png" type="image/png"/>
    <link rel="stylesheet" href="/main.css?test" data-turbolinks-track="reload"/>
    <link rel="alternate" type="application/rss+xml" title="Swift Package Index – Recently Added" href="http://localhost:8080/packages.rss"/>
    <link rel="alternate" type="application/rss+xml" title="Swift Package Index – Recent Releases" href="http://localhost:8080/releases.rss"/>
    <link rel="alternate" type="application/rss+xml" title="Swift Package Index – Recent Major Releases" href="http://localhost:8080/releases.rss?major=true"/>
    <link rel="alternate" type="application/rss+xml" title="Swift Package Index – Recent Major & Minor Releases" href="http://localhost:8080/releases.rss?major=true&minor=true"/>
    <link rel="alternate" type="application/rss+xml" title="Swift Package Index – Recent Pre-Releases" href="http://localhost:8080/releases.rss?pre=true"/>
    <script src="/main.js?test" data-turbolinks-track="reload" defer></script>
  </head>
  <body class="package"><!--CAFECAFE-CAFE-CAFE-CAFE-CAFECAFECAFE--><!--10-->
    <div class="staging">Staging / Development</div>
    <header>
      <div class="inner">
        <a href="/">
          <h1>
            <img alt="The Swift Package Index logo." src="/images/logo.svg"/>Swift Package Index
          </h1>
        </a>
        <nav>
          <ul>
            <li class="menu_scta">
              <a id="menu_scta" href="https://github.com/sponsors/SwiftPackageIndex"></a>
              <div id="menu_scta_help">
                <p>The Swift Package Index is an open-source project entirely funded by community donations.</p>
                <p>Please consider sponsoring this project. 
                  <strong>Thank you!</strong>
                </p>
              </div>
            </li>
            <li>
              <a href="/add-a-package">Add a Package</a>
            </li>
            <li>
              <a href="https://blog.swiftpackageindex.com">Blog</a>
            </li>
            <li>
              <a href="/faq">FAQ</a>
            </li>
            <li class="search">
              <form action="/search">
                <input id="query" name="query" type="search" placeholder="Search" spellcheck="false" autocomplete="off" data-gramm="false" data-focus="false"/>
                <button type="submit">
                  <div title="Search"></div>
                </button>
              </form>
              <a href="/search" title="Search"></a>
            </li>
          </ul>
        </nav>
      </div>
    </header>
    <nav class="breadcrumbs">
      <div class="inner">
        <ul>
          <li>
            <a href="/">Home</a>
          </li>
          <li>
            <a href="/Alamo">Alamofire</a>
          </li>
          <li>Alamofire</li>
        </ul>
      </div>
    </nav>
    <main>
      <div class="inner">
        <div class="two_column v_end">
          <div class="package_title">
            <h2>Alamofire</h2>
            <small>
              <a href="https://github.com/Alamo">Alamo</a>
              <span>/</span>
              <a href="https://github.com/Alamo/Alamofire">Alamofire</a>
            </small>
          </div>
          <div data-controller="modal-panel">
            <button data-modal-panel-target="button" data-action="click->modal-panel#show">Use this Package</button>
            <section data-modal-panel-target="panel">
              <button class="close" data-action="click->modal-panel#hide">&times;</button>
              <p>How you add this package to your project depends on what kind of project you're developing.</p>
              <h4>When working with an Xcode project:</h4>
              <form class="copyable_input">
                <input type="text" data-button-name="Copy Package URL" data-event-name="Copy Xcodeproj Package URL Button" value="https://github.com/Alamofire/Alamofire.git" readonly/>
              </form>
              <h4>When working with a Swift Package Manager manifest:</h4>
              <p>
                <span class="stable">5.2.0</span>
              </p>
              <form class="copyable_input">
                <input type="text" data-button-name="Copy Code Snippet" data-event-name="Copy SPM Manifest Code Snippet Button" value=".package(url: &quot;https://github.com/Alamofire/Alamofire.git&quot;, from: &quot;5.2.0&quot;)" readonly/>
              </form>
              <p>
                <span class="beta">5.3.0-beta.1</span>
              </p>
              <form class="copyable_input">
                <input type="text" data-button-name="Copy Code Snippet" data-event-name="Copy SPM Manifest Code Snippet Button" value=".package(url: &quot;https://github.com/Alamofire/Alamofire.git&quot;, from: &quot;5.3.0-beta.1&quot;)" readonly/>
              </form>
              <p>
                <span class="branch">main</span>
              </p>
              <form class="copyable_input">
                <input type="text" data-button-name="Copy Code Snippet" data-event-name="Copy SPM Manifest Code Snippet Button" value=".package(url: &quot;https://github.com/Alamofire/Alamofire&quot;, branch: &quot;main&quot;)" readonly/>
              </form>
            </section>
          </div>
        </div>
        <hr class="tight"/>
        <p class="summary">Lorem ipsum dolor sit amet, consectetur adipiscing elit. Quisque quis porttitor erat. Vivamus porttitor mi odio, quis imperdiet velit blandit id. Vivamus vehicula urna eget ipsum laoreet, sed porttitor sapien malesuada. Mauris faucibus tellus at augue vehicula, vitae aliquet felis ullamcorper. Praesent vitae leo rhoncus, egestas elit id, porttitor lacus. Cras ac bibendum mauris. Praesent luctus quis nulla sit amet tempus. Ut pharetra non augue sed pellentesque.</p>
        <article class="details two_column">
          <section>
            <section>
              <ul class="main_metadata">
                <li class="history">In development for over 5 years, with 
                  <a href="https://github.com/Alamofire/Alamofire/commits/main">1,433 commits</a> and 
                  <a href="https://github.com/Alamofire/Alamofire/releases">79 releases</a>.
                </li>
                <li class="activity">There are 
                  <a href="https://github.com/Alamofire/Alamofire/issues">27 open issues</a> and 
                  <a href="https://github.com/Alamofire/Alamofire/pulls">5 open pull requests</a>. The last issue was closed 5 days ago and the last pull request was merged/closed 6 days ago.
                </li>
                <li class="dependencies">This package depends on 2 other packages.</li>
                <li class="license"> licensed</li>
                <li class="stars">17 stars</li>
                <li class="libraries">3 libraries</li>
                <li class="executables">1 executable</li>
              </ul>
            </section>
            <hr class="minor"/>
            <section class="main_compatibility">
              <div class="two_column v_end">
                <h3>Compatibility</h3>
                <a href="/Alamo/Alamofire/builds">Full Build Results</a>
              </div>
              <div class="matrices">
                <a href="/Alamo/Alamofire/builds">
                  <ul class="matrix compatibility">
                    <li class="row">
                      <div class="row_labels">
                        <p>
                          <span class="stable">5.2.3</span> and 
                          <span class="branch">main</span>
                        </p>
                      </div>
                      <div class="column_labels">
                        <div>5.6</div>
                        <div>5.5</div>
                        <div>5.4</div>
                        <div>5.3</div>
                      </div>
                      <div class="results">
                        <div class="compatible" title="Built successfully with Swift 5.6"></div>
                        <div class="unknown" title="No build information available for Swift 5.5"></div>
                        <div class="incompatible" title="Build failed with Swift 5.4"></div>
                        <div class="incompatible" title="Build failed with Swift 5.3"></div>
                      </div>
                    </li>
                    <li class="row">
                      <div class="row_labels">
                        <p>
                          <span class="beta">6.0.0-b1</span>
                        </p>
                      </div>
                      <div class="column_labels">
                        <div>5.6</div>
                        <div>5.5</div>
                        <div>5.4</div>
                        <div>5.3</div>
                      </div>
                      <div class="results">
                        <div class="compatible" title="Built successfully with Swift 5.6"></div>
                        <div class="compatible" title="Built successfully with Swift 5.5"></div>
                        <div class="compatible" title="Built successfully with Swift 5.4"></div>
                        <div class="incompatible" title="Build failed with Swift 5.3"></div>
                      </div>
                    </li>
                  </ul>
                </a>
                <a href="/Alamo/Alamofire/builds">
                  <ul class="matrix compatibility">
                    <li class="row">
                      <div class="row_labels">
                        <p>
                          <span class="stable">5.2.3</span>
                        </p>
                      </div>
                      <div class="column_labels">
                        <div>iOS</div>
                        <div>macOS</div>
                        <div>Linux</div>
                        <div>tvOS</div>
                        <div>watchOS</div>
                      </div>
                      <div class="results">
                        <div class="compatible" title="Built successfully with iOS"></div>
                        <div class="unknown" title="No build information available for macOS"></div>
                        <div class="unknown" title="No build information available for Linux"></div>
                        <div class="unknown" title="No build information available for tvOS"></div>
                        <div class="unknown" title="No build information available for watchOS"></div>
                      </div>
                    </li>
                    <li class="row">
                      <div class="row_labels">
                        <p>
                          <span class="beta">6.0.0-b1</span>
                        </p>
                      </div>
                      <div class="column_labels">
                        <div>iOS</div>
                        <div>macOS</div>
                        <div>Linux</div>
                        <div>tvOS</div>
                        <div>watchOS</div>
                      </div>
                      <div class="results">
                        <div class="compatible" title="Built successfully with iOS"></div>
                        <div class="compatible" title="Built successfully with macOS"></div>
                        <div class="compatible" title="Built successfully with Linux"></div>
                        <div class="compatible" title="Built successfully with tvOS"></div>
                        <div class="unknown" title="No build information available for watchOS"></div>
                      </div>
                    </li>
                    <li class="row">
                      <div class="row_labels">
                        <p>
                          <span class="branch">main</span>
                        </p>
                      </div>
                      <div class="column_labels">
                        <div>iOS</div>
                        <div>macOS</div>
                        <div>Linux</div>
                        <div>tvOS</div>
                        <div>watchOS</div>
                      </div>
                      <div class="results">
                        <div class="compatible" title="Built successfully with iOS"></div>
                        <div class="compatible" title="Built successfully with macOS"></div>
                        <div class="compatible" title="Built successfully with Linux"></div>
                        <div class="compatible" title="Built successfully with tvOS"></div>
                        <div class="compatible" title="Built successfully with watchOS"></div>
                      </div>
                    </li>
                  </ul>
                </a>
              </div>
            </section>
          </section>
          <section>
            <section class="sidebar_links">
              <ul>
                <li>
                  <a href="https://github.com/Alamo/Alamofire">View on GitHub</a>
                </li>
                <li class="try_in_playground">
                  <a href="spi-playgrounds://open?dependencies=Alamo/Alamofire">Try in a Playground</a>
                  <div id="app_download_explainer" class="hidden">
                    <strong>Launching the SPI Playgrounds app&hellip;</strong>
                    <p>If nothing happens, you may not have the app installed. 
                      <a href="/try-in-a-playground?dependencies=Alamo/Alamofire">Download the Swift Package Index Playgrounds app</a> and try again.
                    </p>
                  </div>
                </li>
              </ul>
            </section>
            <hr class="minor"/>
            <section class="sidebar_versions">
              <h3>Versions</h3>
              <ul>
                <li class="stable">
                  <a href="https://github.com/Alamofire/Alamofire/releases/tag/5.2.0">
                    <span class="stable">5.2.0</span>
                  </a>
                  <strong>Latest Stable Release</strong>
                  <small>Released 12 days ago</small>
                </li>
                <li class="beta">
                  <a href="https://github.com/Alamofire/Alamofire/releases/tag/5.3.0-beta.1">
                    <span class="beta">5.3.0-beta.1</span>
                  </a>
                  <strong>Latest Beta Release</strong>
                  <small>Released 4 days ago</small>
                </li>
                <li class="branch">
                  <a href="https://github.com/Alamofire/Alamofire">
                    <span class="branch">main</span>
                  </a>
                  <strong>Default Branch</strong>
                  <small>Modified 12 minutes ago</small>
                </li>
              </ul>
            </section>
            <hr class="minor"/>
            <section class="sidebar_package_authors">
              <small>
                <strong>Do you maintain this package?</strong> Get shields.io compatibility badges and learn how to control our build system. 
                <a href="/Alamo/Alamofire/information-for-package-maintainers">Learn more</a>.
              </small>
            </section>
          </section>
        </article>
        <tab-bar>
          <ul>
            <li id="readme" class="active" data-tab="readme">README</li>
            <li id="releases" data-tab="releases">Release Notes</li>
          </ul>
        </tab-bar>
        <noscript>JavaScript must be enabled to load the README and Release Notes tabs.</noscript>
        <turbo-frame id="readme_page" src="/Alamo/Alamofire/readme" data-tab-page="readme" class="tab_page">
          <div class="min_height_spacer">
            <div class="spinner">
              <div class="rect1"></div>
              <div class="rect2"></div>
              <div class="rect3"></div>
              <div class="rect4"></div>
              <div class="rect5"></div>
            </div>
          </div>
        </turbo-frame>
        <turbo-frame id="releases_page" src="/Alamo/Alamofire/releases" data-tab-page="releases" class="tab_page hidden">
          <div class="min_height_spacer">
            <div class="spinner">
              <div class="rect1"></div>
              <div class="rect2"></div>
              <div class="rect3"></div>
              <div class="rect4"></div>
              <div class="rect5"></div>
            </div>
          </div>
        </turbo-frame>
      </div>
    </main>
    <footer>
      <div class="inner">
        <nav>
          <ul>
            <li>
              <a href="https://blog.swiftpackageindex.com">Blog</a>
            </li>
            <li>
              <a href="https://github.com/SwiftPackageIndex/SwiftPackageIndex-Server">GitHub</a>
            </li>
            <li>
              <a href="/privacy">Privacy and Cookies</a>
            </li>
            <li>
              <a href="https://swiftpackageindex.statuspage.io">Uptime and System Status</a>
            </li>
            <li>
              <a href="/build-monitor">Build System Monitor</a>
            </li>
            <li>
              <a href="https://twitter.com/swiftpackages">Twitter</a>
            </li>
          </ul>
          <small>The Swift Package Index is entirely funded by community sponsorship. Thank you to 
            <a href="https://github.com/SwiftPackageIndex/SwiftPackageIndex-Server#funding-and-sponsorship">all our sponsors for their generosity</a>.
          </small>
        </nav>
      </div>
    </footer>
    <div class="staging">Staging / Development</div>
    <script type="application/ld+json">{"@context":"https://schema.org","@type":"SoftwareSourceCode","codeRepository":"https://github.com/Alamofire/Alamofire","dateCreated":"1970-01-01T00:00:00Z","dateModified":"2001-01-01T00:00:00Z","description":"This is an amazing package.","identifier":"Owner/Name","keywords":["foo","bar","baz"],"license":"https://github.com/Alamofire/Alamofire/blob/master/LICENSE","name":"Name","programmingLanguage":{"@context":"https://schema.org","@type":"ComputerLanguage","name":"Swift","url":"https://swift.org/"},"sourceOrganization":{"@context":"https://schema.org","@type":"Organization","legalName":"MegaOwner Corporation"},"url":"http://localhost:8080/Owner/Name","version":"5.2.0"}</script>
  </body>
</html>