<!doctype html>
<html lang="en">
 <head> 
  <meta charset="UTF-8" /> 
  <meta name="viewport" content="width=device-width, initial-scale=1.0" /> 
  <title>Package Name Documentation â€“ Swift Package Index</title> 
  <link rel="stylesheet" href="/owner/package/1.1.0/path/to/some/styles.css?12345" /> 
  <script src="/owner/package/1.1.0/path/to/some/script.js?12345" defer></script> 
  <link rel="stylesheet" href="/docc.css?test" />
  <link rel="canonical" href="https://example.com/owner/repo/canonical-ref" />
  <script async defer data-domain="swiftpackageindex.com" src="https://plausible.io/js/plausible.outbound-links.js"></script> 
  <script>window.plausible = window.plausible || function() { (window.plausible.q = window.plausible.q || []).push(arguments) }</script>
 </head> 
 <body>
  <header class="spi">
   <div class="inner breadcrumbs">
    <nav>
     <ul>
      <li><a href="/"><span>Swift Package Index</span></a></li>
      <li><a href="/owner"><span>Owner Name</span></a></li>
      <li><a href="/owner/package"><span>Package Name</span></a></li>
      <li>
       <div class="choices">
        <span>Documentation for <span class="stable">1.1.0</span></span>
        <ul>
         <li><a href="/owner/package/main/documentation/archive1"><span class="branch">main</span></a></li>
         <li><a href="/owner/package/2.0.0/documentation/archive1"><span class="beta">2.0.0</span></a></li>
        </ul>
       </div></li>
     </ul>
    </nav>
   </div>
   <div class="latest-stable-wrap">
    <div class="inner latest-stable">
     This documentation is from a previous release and may not reflect the latest released version. 
     <a href="/owner/package/2.0.0/documentation/archive1">View latest release documentation</a>.
    </div>
   </div>
  </header> 
  <p>This is DocC content.</p>   
  <footer class="spi">
   <div class="inner">
    <time datetime="1970-01-01">Last updated on 1 Jan 1970</time>
    <nav>
     <ul>
      <li><a href="/blog">Blog</a></li>
      <li><a href="https://github.com/SwiftPackageIndex/SwiftPackageIndex-Server">GitHub</a></li>
      <li><a href="/privacy">Privacy and Cookies</a></li>
      <li><a href="https://swiftpackageindex.statuspage.io">Uptime and System Status</a></li>
      <li><a href="https://mas.to/@SwiftPackageIndex">Mastodon</a></li>
     </ul>
    </nav>
    <small>The Swift Package Index is entirely funded by sponsorship. Thank you to <a href="https://github.com/SwiftPackageIndex/SwiftPackageIndex-Server#funding-and-sponsorship">all our sponsors for their generosity</a>.</small>
   </div>
  </footer>
 </body>
</html>