<!DOCTYPE html>
<html>
  <body>
    <turbo-frame id="readme_page">
      <p>This package does not have a README file.</p>
    </turbo-frame>
  </body>
</html>