<!doctype html>
<html lang="en-US">
 <head>
  <meta name="robots" content="noindex" /> 
  <meta charset="utf-8" /> 
  <meta http-equiv="X-UA-Compatible" content="IE=edge" /> 
  <meta name="viewport" content="width=device-width,initial-scale=1,viewport-fit=cover" /> 
  <link rel="icon" href="/owner/package/feature-1.2.3/favicon.ico" /> 
  <link rel="mask-icon" href="/owner/package/feature-1.2.3/favicon.svg" color="#333333" /> 
  <title>pkg Documentation â€“ Swift Package Index</title> 
  <script>var baseUrl = "/owner/package/feature-1.2.3/"</script> 
  <script defer src="/owner/package/feature-1.2.3/js/chunk-vendors.bdb7cbba.js"></script> 
  <script defer src="/owner/package/feature-1.2.3/js/index.2871ffbd.js"></script> 
  <link href="/owner/package/feature-1.2.3/css/index.ff036a9e.css" rel="stylesheet" /> 
  <link rel="stylesheet" href="/docc.css?test" />
  <link rel="stylesheet" href="/shared.css?test" />
  <script src="/shared.js?test" data-turbolinks-track="reload" defer></script>
  <link rel="canonical" href="/owner/package/feature/1.2.3/documentation/a/b" />
 </head> 
 <body data-color-scheme="auto">
  <header class="spi">
   <div class="staging">
    This is a staging environment. For live and up-to-date documentation, 
    <a href="https://swiftpackageindex.com">visit swiftpackageindex.com</a>.
   </div>
   <div class="inner breadcrumbs">
    <nav>
     <ul>
      <li><a href="/"><span>Swift Package Index</span></a></li>
      <li><a href="/owner"><span>owner</span></a></li>
      <li><a href="/owner/package"><span>pkg</span></a></li>
      <li><span>Documentation for 
        <div class="reference">
         <span class="branch">feature-1.2.3</span>
        </div></span></li>
     </ul>
    </nav>
   </div>
  </header>
  <noscript>
   [object Module]
  </noscript> 
  <div id="app"></div>  
  <footer class="spi">
   <div class="inner">
    <time datetime="1970-01-01">Last updated on 1 Jan 1970</time>
    <nav>
     <ul>
      <li><a href="/blog">Blog</a></li>
      <li><a href="https://github.com/SwiftPackageIndex/SwiftPackageIndex-Server">GitHub</a></li>
      <li><a href="/privacy">Privacy</a></li>
      <li><a href="https://swiftpackageindex.statuspage.io">System Status</a></li>
      <li><a href="/build-monitor">Build System Monitor</a></li>
      <li><a href="https://mas.to/@SwiftPackageIndex">Mastodon</a></li>
      <li><a href="https://swiftpackageindexing.transistor.fm">Podcast</a></li>
      <li><a href="/ready-for-swift-6">Ready for Swift 6</a></li>
     </ul>
    </nav>
    <small>The Swift Package Index is entirely funded by sponsorship. Thank you to <a href="https://github.com/SwiftPackageIndex/SwiftPackageIndex-Server#funding-and-sponsorship">all our sponsors for their generosity</a>.</small>
   </div>
   <div class="staging">
    This is a staging environment. For live and up-to-date documentation, 
    <a href="https://swiftpackageindex.com">visit swiftpackageindex.com</a>.
   </div>
  </footer>
  <spi-debug-panel class="hidden">
   <table>
    <tbody></tbody>
   </table>
  </spi-debug-panel>
 </body>
</html>