{
  "formatVersion" : "1.0",
  "generatedAt" : -978307200,
  "generatedBy" : {
    "name" : "Foo"
  },
  "keywords" : [
    "key",
    "word"
  ],
  "name" : "Foo",
  "overview" : "overview",
  "packages" : [
    {
      "summary" : "summary 1",
      "url" : "https:\/\/github.com\/foo\/1",
      "versions" : [
        {
          "packageName" : "P1-tag",
          "products" : [

          ],
          "targets" : [

          ],
          "version" : "2.0.0"
        },
        {
          "packageName" : "P1-tag",
          "products" : [

          ],
          "targets" : [

          ],
          "version" : "1.2.3"
        }
      ]
    },
    {
      "summary" : "summary 2",
      "url" : "https:\/\/github.com\/foo\/2",
      "versions" : [
        {
          "packageName" : "P2-tag",
          "products" : [

          ],
          "targets" : [

          ],
          "version" : "1.2.3"
        }
      ]
    }
  ]
}