â–¿ 7 elements
  - "rm -f SPI-checkouts/github.com-foo-1/.git/HEAD.lock"
  - "rm -f SPI-checkouts/github.com-foo-1/.git/index.lock"
  - "git reset --hard"
  - "git clean -fdx"
  - "git fetch --tags --prune-tags --prune"
  - "git checkout master --quiet"
  - "git reset origin/master --hard"
