â–¿ 7 elements
  - "rm -f SPI-checkouts/github.com-foo-1/.git/HEAD.lock"
  - "rm -f SPI-checkouts/github.com-foo-1/.git/index.lock"
  - "git reset --hard"
  - "git clean -fdx"
  - "git fetch --tags --prune-tags --prune"
  - "rm -r -f SPI-checkouts/github.com-foo-1"
  - "git clone https://github.com/foo/1 SPI-checkouts/github.com-foo-1 --quiet"
