â–¿ 15 elements
  - "./github.com-foo-1: commitCount"
  - "./github.com-foo-1: firstCommitDate"
  - "./github.com-foo-1: lastCommitDate"
  - "./github.com-foo-1: shortlog"
  - "./github.com-foo-1: hasBranch main"
  - "./github.com-foo-1: getTags"
  - "./github.com-foo-1: revisionInfo for main"
  - "./github.com-foo-1: revisionInfo for 1.0.0"
  - "./github.com-foo-1: revisionInfo for 1.1.1"
  - "./github.com-foo-1: checkout main"
  - "./github.com-foo-1: dumpPackage"
  - "./github.com-foo-1: checkout 1.0.0"
  - "./github.com-foo-1: dumpPackage"
  - "./github.com-foo-1: checkout 1.1.1"
  - "./github.com-foo-1: dumpPackage"
