<?xml version="1.0" encoding="UTF-8"?>
<urlset xmlns="http://www.sitemaps.org/schemas/sitemap/0.9" xmlns:image="http://www.google.com/schemas/sitemap-image/1.1">
  <url>
    <loc>http://localhost:8080/Owner/Repo0</loc>
    <lastmod>1970-01-01</lastmod>
  </url>
  <url>
    <loc>/documentation/semanticversion/semanticversion/minor</loc>
    <lastmod>1970-01-01</lastmod>
  </url>
  <url>
    <loc>/documentation/semanticversion/semanticversion/_(_:_:)-4ftn7</loc>
    <lastmod>1970-01-01</lastmod>
  </url>
  <url>
    <loc>/documentation/semanticversion/semanticversion/'...(_:)-40b95</loc>
    <lastmod>1970-01-01</lastmod>
  </url>
</urlset>