<header class="spi"><div class="staging">This is a staging environment. For live and up-to-date documentation, <a href="https://swiftpackageindex.com">visit swiftpackageindex.com</a>.</div><div class="inner breadcrumbs"><nav><ul><li><a href="/"><span>Swift Package Index</span></a></li><li><a href="/owner"><span>Owner Name</span></a></li><li><a href="/owner/repo"><span>package</span></a></li><li><div class="choices"><span>Documentation for <div class="reference"><span class="stable">main</span></div></span><ul><li class="current"><a href="/owner/repo/main/documentation/tecosigner"><span class="branch">main</span></a></li></ul></div></li><li><div class="choices"><span>Teco Signer</span><ul><li><a href="/owner/repo/main/documentation/tecocore">TecoCore</a></li><li class="current"><a href="/owner/repo/main/documentation/tecosigner">Teco Signer</a></li></ul></div></li></ul></nav></div></header>